Archive member included because of file (symbol)

d:/eclipse/sdk_win_64/sdk_win_64/winavr/bin/../lib/gcc/avr/4.3.3/avr5\libgcc.a(_mulsi3.o)
                              ./03-HAL/07-LM35/LM35_Program.o (__mulsi3)
d:/eclipse/sdk_win_64/sdk_win_64/winavr/bin/../lib/gcc/avr/4.3.3/avr5\libgcc.a(_udivmodqi4.o)
                              ./03-HAL/02-SEVEN_SEGMENT/SEVEN_SEGMENT_Program.o (__udivmodqi4)
d:/eclipse/sdk_win_64/sdk_win_64/winavr/bin/../lib/gcc/avr/4.3.3/avr5\libgcc.a(_udivmodhi4.o)
                              ./02-APP/app.o (__udivmodhi4)
d:/eclipse/sdk_win_64/sdk_win_64/winavr/bin/../lib/gcc/avr/4.3.3/avr5\libgcc.a(_divmodhi4.o)
                              ./03-HAL/10-SERVO_MOTOR/SERVO.o (__divmodhi4)
d:/eclipse/sdk_win_64/sdk_win_64/winavr/bin/../lib/gcc/avr/4.3.3/avr5\libgcc.a(_udivmodsi4.o)
                              ./03-HAL/08-POT/POT_Program.o (__udivmodsi4)
d:/eclipse/sdk_win_64/sdk_win_64/winavr/bin/../lib/gcc/avr/4.3.3/avr5\libgcc.a(_divmodsi4.o)
                              ./03-HAL/04-CLCD/CLCD_Program.o (__divmodsi4)
d:/eclipse/sdk_win_64/sdk_win_64/winavr/bin/../lib/gcc/avr/4.3.3/avr5\libgcc.a(_exit.o)
                              d:/eclipse/sdk_win_64/sdk_win_64/winavr/bin/../lib/gcc/avr/4.3.3/../../../../avr/lib/avr5/crtm32.o (exit)
d:/eclipse/sdk_win_64/sdk_win_64/winavr/bin/../lib/gcc/avr/4.3.3/avr5\libgcc.a(_copy_data.o)
                              ./03-HAL/05-KPD/KPD_Program.o (__do_copy_data)
d:/eclipse/sdk_win_64/sdk_win_64/winavr/bin/../lib/gcc/avr/4.3.3/avr5\libgcc.a(_clear_bss.o)
                              ./04-MCAL/02-EXTI/EXTI_Program.o (__do_clear_bss)
d:/eclipse/sdk_win_64/sdk_win_64/winavr/bin/../lib/gcc/avr/4.3.3/avr5\libgcc.a(_fixunssfsi.o)
                              ./03-HAL/05-KPD/KPD_Program.o (__fixunssfsi)
d:/eclipse/sdk_win_64/sdk_win_64/winavr/bin/../lib/gcc/avr/4.3.3/avr5\libgcc.a(_udivdi3.o)
                              ./03-HAL/04-CLCD/CLCD_Program.o (__udivdi3)
d:/eclipse/sdk_win_64/sdk_win_64/winavr/bin/../lib/gcc/avr/4.3.3/avr5\libgcc.a(_umoddi3.o)
                              ./03-HAL/04-CLCD/CLCD_Program.o (__umoddi3)
d:/eclipse/sdk_win_64/sdk_win_64/winavr/bin/../lib/gcc/avr/4.3.3/avr5\libgcc.a(_addsub_sf.o)
                              d:/eclipse/sdk_win_64/sdk_win_64/winavr/bin/../lib/gcc/avr/4.3.3/avr5\libgcc.a(_fixunssfsi.o) (__subsf3)
d:/eclipse/sdk_win_64/sdk_win_64/winavr/bin/../lib/gcc/avr/4.3.3/avr5\libgcc.a(_mul_sf.o)
                              ./03-HAL/05-KPD/KPD_Program.o (__mulsf3)
d:/eclipse/sdk_win_64/sdk_win_64/winavr/bin/../lib/gcc/avr/4.3.3/avr5\libgcc.a(_gt_sf.o)
                              ./03-HAL/05-KPD/KPD_Program.o (__gtsf2)
d:/eclipse/sdk_win_64/sdk_win_64/winavr/bin/../lib/gcc/avr/4.3.3/avr5\libgcc.a(_ge_sf.o)
                              d:/eclipse/sdk_win_64/sdk_win_64/winavr/bin/../lib/gcc/avr/4.3.3/avr5\libgcc.a(_fixunssfsi.o) (__gesf2)
d:/eclipse/sdk_win_64/sdk_win_64/winavr/bin/../lib/gcc/avr/4.3.3/avr5\libgcc.a(_lt_sf.o)
                              ./03-HAL/05-KPD/KPD_Program.o (__ltsf2)
d:/eclipse/sdk_win_64/sdk_win_64/winavr/bin/../lib/gcc/avr/4.3.3/avr5\libgcc.a(_sf_to_si.o)
                              d:/eclipse/sdk_win_64/sdk_win_64/winavr/bin/../lib/gcc/avr/4.3.3/avr5\libgcc.a(_fixunssfsi.o) (__fixsfsi)
d:/eclipse/sdk_win_64/sdk_win_64/winavr/bin/../lib/gcc/avr/4.3.3/avr5\libgcc.a(_thenan_sf.o)
                              d:/eclipse/sdk_win_64/sdk_win_64/winavr/bin/../lib/gcc/avr/4.3.3/avr5\libgcc.a(_addsub_sf.o) (__thenan_sf)
d:/eclipse/sdk_win_64/sdk_win_64/winavr/bin/../lib/gcc/avr/4.3.3/avr5\libgcc.a(_usi_to_sf.o)
                              ./02-APP/app.o (__floatunsisf)
d:/eclipse/sdk_win_64/sdk_win_64/winavr/bin/../lib/gcc/avr/4.3.3/avr5\libgcc.a(_prologue.o)
                              d:/eclipse/sdk_win_64/sdk_win_64/winavr/bin/../lib/gcc/avr/4.3.3/avr5\libgcc.a(_udivdi3.o) (__prologue_saves__)
d:/eclipse/sdk_win_64/sdk_win_64/winavr/bin/../lib/gcc/avr/4.3.3/avr5\libgcc.a(_epilogue.o)
                              d:/eclipse/sdk_win_64/sdk_win_64/winavr/bin/../lib/gcc/avr/4.3.3/avr5\libgcc.a(_udivdi3.o) (__epilogue_restores__)
d:/eclipse/sdk_win_64/sdk_win_64/winavr/bin/../lib/gcc/avr/4.3.3/avr5\libgcc.a(_clz.o)
                              d:/eclipse/sdk_win_64/sdk_win_64/winavr/bin/../lib/gcc/avr/4.3.3/avr5\libgcc.a(_udivdi3.o) (__clz_tab)
d:/eclipse/sdk_win_64/sdk_win_64/winavr/bin/../lib/gcc/avr/4.3.3/avr5\libgcc.a(_clzsi2.o)
                              d:/eclipse/sdk_win_64/sdk_win_64/winavr/bin/../lib/gcc/avr/4.3.3/avr5\libgcc.a(_usi_to_sf.o) (__clzsi2)
d:/eclipse/sdk_win_64/sdk_win_64/winavr/bin/../lib/gcc/avr/4.3.3/avr5\libgcc.a(_pack_sf.o)
                              d:/eclipse/sdk_win_64/sdk_win_64/winavr/bin/../lib/gcc/avr/4.3.3/avr5\libgcc.a(_addsub_sf.o) (__pack_f)
d:/eclipse/sdk_win_64/sdk_win_64/winavr/bin/../lib/gcc/avr/4.3.3/avr5\libgcc.a(_unpack_sf.o)
                              d:/eclipse/sdk_win_64/sdk_win_64/winavr/bin/../lib/gcc/avr/4.3.3/avr5\libgcc.a(_addsub_sf.o) (__unpack_f)
d:/eclipse/sdk_win_64/sdk_win_64/winavr/bin/../lib/gcc/avr/4.3.3/avr5\libgcc.a(_fpcmp_parts_sf.o)
                              d:/eclipse/sdk_win_64/sdk_win_64/winavr/bin/../lib/gcc/avr/4.3.3/avr5\libgcc.a(_gt_sf.o) (__fpcmp_parts_f)

Memory Configuration

Name             Origin             Length             Attributes
text             0x00000000         0x00020000         xr
data             0x00800060         0x0000ffa0         rw !x
eeprom           0x00810000         0x00010000         rw !x
fuse             0x00820000         0x00000400         rw !x
lock             0x00830000         0x00000400         rw !x
signature        0x00840000         0x00000400         rw !x
*default*        0x00000000         0xffffffff

Linker script and memory map

LOAD d:/eclipse/sdk_win_64/sdk_win_64/winavr/bin/../lib/gcc/avr/4.3.3/../../../../avr/lib/avr5/crtm32.o
LOAD ./04-MCAL/03-ADC/ADC_Program.o
LOAD ./04-MCAL/02-EXTI/EXTI_Program.o
LOAD ./04-MCAL/01-DIO/DIO_Program.o
LOAD ./03-HAL/10-SERVO_MOTOR/SERVO.o
LOAD ./03-HAL/09-LDR/LDR_Program.o
LOAD ./03-HAL/08-POT/POT_Program.o
LOAD ./03-HAL/07-LM35/LM35_Program.o
LOAD ./03-HAL/06-DC_MOTOR/DC_Motor_Program.o
LOAD ./03-HAL/05-KPD/KPD_Program.o
LOAD ./03-HAL/04-CLCD/CLCD_Program.o
LOAD ./03-HAL/03-BUSH_BUTTON/BushButton_Program.o
LOAD ./03-HAL/02-SEVEN_SEGMENT/SEVEN_SEGMENT_Program.o
LOAD ./03-HAL/01-LED/LED_Progam.o
LOAD ./02-APP/app.o
LOAD ./02-APP/main.o
LOAD d:/eclipse/sdk_win_64/sdk_win_64/winavr/bin/../lib/gcc/avr/4.3.3/avr5\libgcc.a
LOAD d:/eclipse/sdk_win_64/sdk_win_64/winavr/bin/../lib/gcc/avr/4.3.3/../../../../avr/lib/avr5\libc.a
LOAD d:/eclipse/sdk_win_64/sdk_win_64/winavr/bin/../lib/gcc/avr/4.3.3/avr5\libgcc.a

.hash
 *(.hash)

.dynsym
 *(.dynsym)

.dynstr
 *(.dynstr)

.gnu.version
 *(.gnu.version)

.gnu.version_d
 *(.gnu.version_d)

.gnu.version_r
 *(.gnu.version_r)

.rel.init
 *(.rel.init)

.rela.init
 *(.rela.init)

.rel.text
 *(.rel.text)
 *(.rel.text.*)
 *(.rel.gnu.linkonce.t*)

.rela.text
 *(.rela.text)
 *(.rela.text.*)
 *(.rela.gnu.linkonce.t*)

.rel.fini
 *(.rel.fini)

.rela.fini
 *(.rela.fini)

.rel.rodata
 *(.rel.rodata)
 *(.rel.rodata.*)
 *(.rel.gnu.linkonce.r*)

.rela.rodata
 *(.rela.rodata)
 *(.rela.rodata.*)
 *(.rela.gnu.linkonce.r*)

.rel.data
 *(.rel.data)
 *(.rel.data.*)
 *(.rel.gnu.linkonce.d*)

.rela.data
 *(.rela.data)
 *(.rela.data.*)
 *(.rela.gnu.linkonce.d*)

.rel.ctors
 *(.rel.ctors)

.rela.ctors
 *(.rela.ctors)

.rel.dtors
 *(.rel.dtors)

.rela.dtors
 *(.rela.dtors)

.rel.got
 *(.rel.got)

.rela.got
 *(.rela.got)

.rel.bss
 *(.rel.bss)

.rela.bss
 *(.rela.bss)

.rel.plt
 *(.rel.plt)

.rela.plt
 *(.rela.plt)

.text           0x00000000     0x56e6
 *(.vectors)
 .vectors       0x00000000       0x54 d:/eclipse/sdk_win_64/sdk_win_64/winavr/bin/../lib/gcc/avr/4.3.3/../../../../avr/lib/avr5/crtm32.o
                0x00000000                __vectors
                0x00000000                __vector_default
 *(.vectors)
 *(.progmem.gcc*)
 *(.progmem*)
                0x00000054                . = ALIGN (0x2)
                0x00000054                __trampolines_start = .
 *(.trampolines)
 .trampolines   0x00000054        0x0 linker stubs
 *(.trampolines*)
                0x00000054                __trampolines_end = .
 *(.jumptables)
 *(.jumptables*)
 *(.lowtext)
 *(.lowtext*)
                0x00000054                __ctors_start = .
 *(.ctors)
                0x00000054                __ctors_end = .
                0x00000054                __dtors_start = .
 *(.dtors)
                0x00000054                __dtors_end = .
 SORT(*)(.ctors)
 SORT(*)(.dtors)
 *(.init0)
 .init0         0x00000054        0x0 d:/eclipse/sdk_win_64/sdk_win_64/winavr/bin/../lib/gcc/avr/4.3.3/../../../../avr/lib/avr5/crtm32.o
                0x00000054                __init
 *(.init0)
 *(.init1)
 *(.init1)
 *(.init2)
 .init2         0x00000054        0xc d:/eclipse/sdk_win_64/sdk_win_64/winavr/bin/../lib/gcc/avr/4.3.3/../../../../avr/lib/avr5/crtm32.o
 *(.init2)
 *(.init3)
 *(.init3)
 *(.init4)
 .init4         0x00000060       0x16 d:/eclipse/sdk_win_64/sdk_win_64/winavr/bin/../lib/gcc/avr/4.3.3/avr5\libgcc.a(_copy_data.o)
                0x00000060                __do_copy_data
 .init4         0x00000076       0x10 d:/eclipse/sdk_win_64/sdk_win_64/winavr/bin/../lib/gcc/avr/4.3.3/avr5\libgcc.a(_clear_bss.o)
                0x00000076                __do_clear_bss
 *(.init4)
 *(.init5)
 *(.init5)
 *(.init6)
 *(.init6)
 *(.init7)
 *(.init7)
 *(.init8)
 *(.init8)
 *(.init9)
 .init9         0x00000086        0x8 d:/eclipse/sdk_win_64/sdk_win_64/winavr/bin/../lib/gcc/avr/4.3.3/../../../../avr/lib/avr5/crtm32.o
 *(.init9)
 *(.text)
 .text          0x0000008e        0x4 d:/eclipse/sdk_win_64/sdk_win_64/winavr/bin/../lib/gcc/avr/4.3.3/../../../../avr/lib/avr5/crtm32.o
                0x0000008e                __vector_12
                0x0000008e                __bad_interrupt
                0x0000008e                __vector_6
                0x0000008e                __vector_11
                0x0000008e                __vector_13
                0x0000008e                __vector_17
                0x0000008e                __vector_19
                0x0000008e                __vector_7
                0x0000008e                __vector_5
                0x0000008e                __vector_4
                0x0000008e                __vector_9
                0x0000008e                __vector_15
                0x0000008e                __vector_8
                0x0000008e                __vector_14
                0x0000008e                __vector_10
                0x0000008e                __vector_16
                0x0000008e                __vector_18
                0x0000008e                __vector_20
 .text          0x00000092        0x0 ./04-MCAL/03-ADC/ADC_Program.o
 .text          0x00000092        0x0 ./04-MCAL/02-EXTI/EXTI_Program.o
 .text          0x00000092        0x0 ./04-MCAL/01-DIO/DIO_Program.o
 .text          0x00000092        0x0 ./03-HAL/10-SERVO_MOTOR/SERVO.o
 .text          0x00000092        0x0 ./03-HAL/09-LDR/LDR_Program.o
 .text          0x00000092        0x0 ./03-HAL/08-POT/POT_Program.o
 .text          0x00000092        0x0 ./03-HAL/07-LM35/LM35_Program.o
 .text          0x00000092        0x0 ./03-HAL/06-DC_MOTOR/DC_Motor_Program.o
 .text          0x00000092        0x0 ./03-HAL/05-KPD/KPD_Program.o
 .text          0x00000092        0x0 ./03-HAL/04-CLCD/CLCD_Program.o
 .text          0x00000092        0x0 ./03-HAL/03-BUSH_BUTTON/BushButton_Program.o
 .text          0x00000092        0x0 ./03-HAL/02-SEVEN_SEGMENT/SEVEN_SEGMENT_Program.o
 .text          0x00000092        0x0 ./03-HAL/01-LED/LED_Progam.o
 .text          0x00000092        0x0 ./02-APP/app.o
 .text          0x00000092        0x0 ./02-APP/main.o
 .text          0x00000092        0x0 d:/eclipse/sdk_win_64/sdk_win_64/winavr/bin/../lib/gcc/avr/4.3.3/avr5\libgcc.a(_mulsi3.o)
 .text          0x00000092        0x0 d:/eclipse/sdk_win_64/sdk_win_64/winavr/bin/../lib/gcc/avr/4.3.3/avr5\libgcc.a(_udivmodqi4.o)
 .text          0x00000092        0x0 d:/eclipse/sdk_win_64/sdk_win_64/winavr/bin/../lib/gcc/avr/4.3.3/avr5\libgcc.a(_udivmodhi4.o)
 .text          0x00000092        0x0 d:/eclipse/sdk_win_64/sdk_win_64/winavr/bin/../lib/gcc/avr/4.3.3/avr5\libgcc.a(_divmodhi4.o)
 .text          0x00000092        0x0 d:/eclipse/sdk_win_64/sdk_win_64/winavr/bin/../lib/gcc/avr/4.3.3/avr5\libgcc.a(_udivmodsi4.o)
 .text          0x00000092        0x0 d:/eclipse/sdk_win_64/sdk_win_64/winavr/bin/../lib/gcc/avr/4.3.3/avr5\libgcc.a(_divmodsi4.o)
 .text          0x00000092        0x0 d:/eclipse/sdk_win_64/sdk_win_64/winavr/bin/../lib/gcc/avr/4.3.3/avr5\libgcc.a(_exit.o)
 .text          0x00000092        0x0 d:/eclipse/sdk_win_64/sdk_win_64/winavr/bin/../lib/gcc/avr/4.3.3/avr5\libgcc.a(_copy_data.o)
 .text          0x00000092        0x0 d:/eclipse/sdk_win_64/sdk_win_64/winavr/bin/../lib/gcc/avr/4.3.3/avr5\libgcc.a(_clear_bss.o)
 .text          0x00000092       0x58 d:/eclipse/sdk_win_64/sdk_win_64/winavr/bin/../lib/gcc/avr/4.3.3/avr5\libgcc.a(_fixunssfsi.o)
                0x00000092                __fixunssfsi
 .text          0x000000ea      0xcea d:/eclipse/sdk_win_64/sdk_win_64/winavr/bin/../lib/gcc/avr/4.3.3/avr5\libgcc.a(_udivdi3.o)
                0x000000ea                __udivdi3
 .text          0x00000dd4      0xce0 d:/eclipse/sdk_win_64/sdk_win_64/winavr/bin/../lib/gcc/avr/4.3.3/avr5\libgcc.a(_umoddi3.o)
                0x00000dd4                __umoddi3
 .text          0x00001ab4      0x354 d:/eclipse/sdk_win_64/sdk_win_64/winavr/bin/../lib/gcc/avr/4.3.3/avr5\libgcc.a(_addsub_sf.o)
                0x00001d4c                __subsf3
                0x00001dae                __addsf3
 .text          0x00001e08      0x1f4 d:/eclipse/sdk_win_64/sdk_win_64/winavr/bin/../lib/gcc/avr/4.3.3/avr5\libgcc.a(_mul_sf.o)
                0x00001e08                __mulsf3
 .text          0x00001ffc       0x60 d:/eclipse/sdk_win_64/sdk_win_64/winavr/bin/../lib/gcc/avr/4.3.3/avr5\libgcc.a(_gt_sf.o)
                0x00001ffc                __gtsf2
 .text          0x0000205c       0x60 d:/eclipse/sdk_win_64/sdk_win_64/winavr/bin/../lib/gcc/avr/4.3.3/avr5\libgcc.a(_ge_sf.o)
                0x0000205c                __gesf2
 .text          0x000020bc       0x60 d:/eclipse/sdk_win_64/sdk_win_64/winavr/bin/../lib/gcc/avr/4.3.3/avr5\libgcc.a(_lt_sf.o)
                0x000020bc                __ltsf2
 .text          0x0000211c       0xa8 d:/eclipse/sdk_win_64/sdk_win_64/winavr/bin/../lib/gcc/avr/4.3.3/avr5\libgcc.a(_sf_to_si.o)
                0x0000211c                __fixsfsi
 .text          0x000021c4        0x0 d:/eclipse/sdk_win_64/sdk_win_64/winavr/bin/../lib/gcc/avr/4.3.3/avr5\libgcc.a(_thenan_sf.o)
 .text          0x000021c4       0xf2 d:/eclipse/sdk_win_64/sdk_win_64/winavr/bin/../lib/gcc/avr/4.3.3/avr5\libgcc.a(_usi_to_sf.o)
                0x000021c4                __floatunsisf
 .text          0x000022b6        0x0 d:/eclipse/sdk_win_64/sdk_win_64/winavr/bin/../lib/gcc/avr/4.3.3/avr5\libgcc.a(_prologue.o)
 .text          0x000022b6        0x0 d:/eclipse/sdk_win_64/sdk_win_64/winavr/bin/../lib/gcc/avr/4.3.3/avr5\libgcc.a(_epilogue.o)
 .text          0x000022b6        0x0 d:/eclipse/sdk_win_64/sdk_win_64/winavr/bin/../lib/gcc/avr/4.3.3/avr5\libgcc.a(_clz.o)
 .text          0x000022b6       0x9e d:/eclipse/sdk_win_64/sdk_win_64/winavr/bin/../lib/gcc/avr/4.3.3/avr5\libgcc.a(_clzsi2.o)
                0x000022b6                __clzsi2
 .text          0x00002354      0x1aa d:/eclipse/sdk_win_64/sdk_win_64/winavr/bin/../lib/gcc/avr/4.3.3/avr5\libgcc.a(_pack_sf.o)
                0x00002354                __pack_f
 .text          0x000024fe       0xf0 d:/eclipse/sdk_win_64/sdk_win_64/winavr/bin/../lib/gcc/avr/4.3.3/avr5\libgcc.a(_unpack_sf.o)
                0x000024fe                __unpack_f
 .text          0x000025ee       0xb2 d:/eclipse/sdk_win_64/sdk_win_64/winavr/bin/../lib/gcc/avr/4.3.3/avr5\libgcc.a(_fpcmp_parts_sf.o)
                0x000025ee                __fpcmp_parts_f
                0x000026a0                . = ALIGN (0x2)
 *(.text.*)
 .text.ADC_voidInit
                0x000026a0       0x8c ./04-MCAL/03-ADC/ADC_Program.o
                0x000026a0                ADC_voidInit
 .text.ADC_u8StartConversion
                0x0000272c       0x6c ./04-MCAL/03-ADC/ADC_Program.o
                0x0000272c                ADC_u8StartConversion
 .text.EXTI_init
                0x00002798       0x46 ./04-MCAL/02-EXTI/EXTI_Program.o
                0x00002798                EXTI_init
 .text.EXTI_SetCallBack
                0x000027de       0x58 ./04-MCAL/02-EXTI/EXTI_Program.o
                0x000027de                EXTI_SetCallBack
 .text.__vector_1
                0x00002836       0x66 ./04-MCAL/02-EXTI/EXTI_Program.o
                0x00002836                __vector_1
 .text.__vector_2
                0x0000289c       0x66 ./04-MCAL/02-EXTI/EXTI_Program.o
                0x0000289c                __vector_2
 .text.__vector_3
                0x00002902       0x66 ./04-MCAL/02-EXTI/EXTI_Program.o
                0x00002902                __vector_3
 .text.DIO_voidSetPinDirection
                0x00002968      0x204 ./04-MCAL/01-DIO/DIO_Program.o
                0x00002968                DIO_voidSetPinDirection
 .text.DIO_voidSetPinValue
                0x00002b6c      0x204 ./04-MCAL/01-DIO/DIO_Program.o
                0x00002b6c                DIO_voidSetPinValue
 .text.DIO_voidSetPortDirection
                0x00002d70       0x84 ./04-MCAL/01-DIO/DIO_Program.o
                0x00002d70                DIO_voidSetPortDirection
 .text.DIO_voidSetPortValue
                0x00002df4       0x84 ./04-MCAL/01-DIO/DIO_Program.o
                0x00002df4                DIO_voidSetPortValue
 .text.DIO_voidToggleValue
                0x00002e78       0xfc ./04-MCAL/01-DIO/DIO_Program.o
                0x00002e78                DIO_voidToggleValue
 .text.DIO_u8GetPinValue
                0x00002f74       0xf4 ./04-MCAL/01-DIO/DIO_Program.o
                0x00002f74                DIO_u8GetPinValue
 .text.Timer1_FPWM
                0x00003068       0x98 ./03-HAL/10-SERVO_MOTOR/SERVO.o
                0x00003068                Timer1_FPWM
 .text.Servo_Angle
                0x00003100       0x46 ./03-HAL/10-SERVO_MOTOR/SERVO.o
                0x00003100                Servo_Angle
 .text.LDR_init
                0x00003146       0x12 ./03-HAL/09-LDR/LDR_Program.o
                0x00003146                LDR_init
 .text.LDR_CallValue
                0x00003158       0x22 ./03-HAL/09-LDR/LDR_Program.o
                0x00003158                LDR_CallValue
 .text.POT_init
                0x0000317a       0x12 ./03-HAL/08-POT/POT_Program.o
                0x0000317a                POT_init
 .text.POT_CallValue
                0x0000318c       0xaa ./03-HAL/08-POT/POT_Program.o
                0x0000318c                POT_CallValue
 .text.LM35_init
                0x00003236       0x12 ./03-HAL/07-LM35/LM35_Program.o
                0x00003236                LM35_init
 .text.LM35_CallValue
                0x00003248       0xa0 ./03-HAL/07-LM35/LM35_Program.o
                0x00003248                LM35_CallValue
 .text.DCMotor_init
                0x000032e8       0x40 ./03-HAL/06-DC_MOTOR/DC_Motor_Program.o
                0x000032e8                DCMotor_init
 .text.DCMotor_OFF
                0x00003328       0x40 ./03-HAL/06-DC_MOTOR/DC_Motor_Program.o
                0x00003328                DCMotor_OFF
 .text.DCMotor_SetCW
                0x00003368       0x40 ./03-HAL/06-DC_MOTOR/DC_Motor_Program.o
                0x00003368                DCMotor_SetCW
 .text.DCMotor_SetCCW
                0x000033a8       0x40 ./03-HAL/06-DC_MOTOR/DC_Motor_Program.o
                0x000033a8                DCMotor_SetCCW
 .text.KPD_init
                0x000033e8       0x52 ./03-HAL/05-KPD/KPD_Program.o
                0x000033e8                KPD_init
 .text.KPD_GetPressedKey
                0x0000343a      0x1a2 ./03-HAL/05-KPD/KPD_Program.o
                0x0000343a                KPD_GetPressedKey
 .text.CLCD_init
                0x000035dc      0x22c ./03-HAL/04-CLCD/CLCD_Program.o
                0x000035dc                CLCD_init
 .text.CLCD_WriteInes
                0x00003808      0x220 ./03-HAL/04-CLCD/CLCD_Program.o
                0x00003808                CLCD_WriteInes
 .text.CLCD_WriteData
                0x00003a28      0x220 ./03-HAL/04-CLCD/CLCD_Program.o
                0x00003a28                CLCD_WriteData
 .text.CLCD_WriteChar
                0x00003c48       0x1a ./03-HAL/04-CLCD/CLCD_Program.o
                0x00003c48                CLCD_WriteChar
 .text.CLCD_WriteString
                0x00003c62       0x38 ./03-HAL/04-CLCD/CLCD_Program.o
                0x00003c62                CLCD_WriteString
 .text.CLCD_GoTo
                0x00003c9a       0x8e ./03-HAL/04-CLCD/CLCD_Program.o
                0x00003c9a                CLCD_GoTo
 .text.CLCD_DisplayClear
                0x00003d28       0x14 ./03-HAL/04-CLCD/CLCD_Program.o
                0x00003d28                CLCD_DisplayClear
 .text.ConvertNumToASCII
                0x00003d3c       0x18 ./03-HAL/04-CLCD/CLCD_Program.o
                0x00003d3c                ConvertNumToASCII
 .text.CLCD_ReverseNumber
                0x00003d54       0xd8 ./03-HAL/04-CLCD/CLCD_Program.o
                0x00003d54                CLCD_ReverseNumber
 .text.CLCD_WriteNum
                0x00003e2c      0x218 ./03-HAL/04-CLCD/CLCD_Program.o
                0x00003e2c                CLCD_WriteNum
 .text.CLCD_PrintBinary
                0x00004044       0x60 ./03-HAL/04-CLCD/CLCD_Program.o
                0x00004044                CLCD_PrintBinary
 .text.CLCD_Draw_Char
                0x000040a4       0x64 ./03-HAL/04-CLCD/CLCD_Program.o
                0x000040a4                CLCD_Draw_Char
 .text.CLCD_printHEXNum
                0x00004108      0x1ae ./03-HAL/04-CLCD/CLCD_Program.o
                0x00004108                CLCD_printHEXNum
 .text.CLCD_WriteData_Pos
                0x000042b6       0x2c ./03-HAL/04-CLCD/CLCD_Program.o
                0x000042b6                CLCD_WriteData_Pos
 .text.CLCD_WriteString_Pos
                0x000042e2       0x32 ./03-HAL/04-CLCD/CLCD_Program.o
                0x000042e2                CLCD_WriteString_Pos
 .text.CLCD_WriteNum_Pos
                0x00004314       0x86 ./03-HAL/04-CLCD/CLCD_Program.o
                0x00004314                CLCD_WriteNum_Pos
 .text.BushButton_voidInit
                0x0000439a       0x38 ./03-HAL/03-BUSH_BUTTON/BushButton_Program.o
                0x0000439a                BushButton_voidInit
 .text.BushButton_voidRead
                0x000043d2      0x148 ./03-HAL/03-BUSH_BUTTON/BushButton_Program.o
                0x000043d2                BushButton_voidRead
 .text.SevenSegments_voidInit
                0x0000451a       0x1e ./03-HAL/02-SEVEN_SEGMENT/SEVEN_SEGMENT_Program.o
                0x0000451a                SevenSegments_voidInit
 .text.SevenSegments_voidDispalyDecreasecount
                0x00004538      0x2b6 ./03-HAL/02-SEVEN_SEGMENT/SEVEN_SEGMENT_Program.o
                0x00004538                SevenSegments_voidDispalyDecreasecount
 .text.SevenSegments_voidDispaly
                0x000047ee      0x2ac ./03-HAL/02-SEVEN_SEGMENT/SEVEN_SEGMENT_Program.o
                0x000047ee                SevenSegments_voidDispaly
 .text.SevenSegment_voidInit
                0x00004a9a       0x16 ./03-HAL/02-SEVEN_SEGMENT/SEVEN_SEGMENT_Program.o
                0x00004a9a                SevenSegment_voidInit
 .text.SevenSegment_voidDispaly
                0x00004ab0       0x3a ./03-HAL/02-SEVEN_SEGMENT/SEVEN_SEGMENT_Program.o
                0x00004ab0                SevenSegment_voidDispaly
 .text.LED_voidInit
                0x00004aea       0x1e ./03-HAL/01-LED/LED_Progam.o
                0x00004aea                LED_voidInit
 .text.LEDs_voidInit
                0x00004b08       0x1c ./03-HAL/01-LED/LED_Progam.o
                0x00004b08                LEDs_voidInit
 .text.LED_voidON
                0x00004b24       0x1e ./03-HAL/01-LED/LED_Progam.o
                0x00004b24                LED_voidON
 .text.LEDs_voidON
                0x00004b42       0x1c ./03-HAL/01-LED/LED_Progam.o
                0x00004b42                LEDs_voidON
 .text.LED_voidOFF
                0x00004b5e       0x1e ./03-HAL/01-LED/LED_Progam.o
                0x00004b5e                LED_voidOFF
 .text.LEDs_voidOFF
                0x00004b7c       0x1c ./03-HAL/01-LED/LED_Progam.o
                0x00004b7c                LEDs_voidOFF
 .text.app_init
                0x00004b98       0x74 ./02-APP/app.o
                0x00004b98                app_init
 .text.Read_Password
                0x00004c0c      0x1d6 ./02-APP/app.o
                0x00004c0c                Read_Password
 .text.Get_Tempreture_Value
                0x00004de2       0x36 ./02-APP/app.o
                0x00004de2                Get_Tempreture_Value
 .text.Get_LDR_Value
                0x00004e18       0x20 ./02-APP/app.o
                0x00004e18                Get_LDR_Value
 .text.DC_MOTOR_ON
                0x00004e38       0x2c ./02-APP/app.o
                0x00004e38                DC_MOTOR_ON
 .text.DC_MOTOR_OFF
                0x00004e64       0x2c ./02-APP/app.o
                0x00004e64                DC_MOTOR_OFF
 .text.BUZZER_ON
                0x00004e90       0x18 ./02-APP/app.o
                0x00004e90                BUZZER_ON
 .text.LED_DIMMER
                0x00004ea8       0x14 ./02-APP/app.o
                0x00004ea8                LED_DIMMER
 .text.Halt_System
                0x00004ebc       0x1a ./02-APP/app.o
                0x00004ebc                Halt_System
 .text.mapRange
                0x00004ed6      0x118 ./02-APP/app.o
                0x00004ed6                mapRange
 .text.main     0x00004fee      0x568 ./02-APP/main.o
                0x00004fee                main
 .text.libgcc   0x00005556       0x3e d:/eclipse/sdk_win_64/sdk_win_64/winavr/bin/../lib/gcc/avr/4.3.3/avr5\libgcc.a(_mulsi3.o)
                0x00005556                __mulsi3
 .text.libgcc   0x00005594       0x18 d:/eclipse/sdk_win_64/sdk_win_64/winavr/bin/../lib/gcc/avr/4.3.3/avr5\libgcc.a(_udivmodqi4.o)
                0x00005594                __udivmodqi4
 .text.libgcc   0x000055ac       0x28 d:/eclipse/sdk_win_64/sdk_win_64/winavr/bin/../lib/gcc/avr/4.3.3/avr5\libgcc.a(_udivmodhi4.o)
                0x000055ac                __udivmodhi4
 .text.libgcc   0x000055d4       0x26 d:/eclipse/sdk_win_64/sdk_win_64/winavr/bin/../lib/gcc/avr/4.3.3/avr5\libgcc.a(_divmodhi4.o)
                0x000055d4                __divmodhi4
                0x000055d4                _div
 .text.libgcc   0x000055fa       0x44 d:/eclipse/sdk_win_64/sdk_win_64/winavr/bin/../lib/gcc/avr/4.3.3/avr5\libgcc.a(_udivmodsi4.o)
                0x000055fa                __udivmodsi4
 .text.libgcc   0x0000563e       0x36 d:/eclipse/sdk_win_64/sdk_win_64/winavr/bin/../lib/gcc/avr/4.3.3/avr5\libgcc.a(_divmodsi4.o)
                0x0000563e                __divmodsi4
 .text.libgcc   0x00005674        0x0 d:/eclipse/sdk_win_64/sdk_win_64/winavr/bin/../lib/gcc/avr/4.3.3/avr5\libgcc.a(_exit.o)
 .text.libgcc   0x00005674        0x0 d:/eclipse/sdk_win_64/sdk_win_64/winavr/bin/../lib/gcc/avr/4.3.3/avr5\libgcc.a(_copy_data.o)
 .text.libgcc   0x00005674        0x0 d:/eclipse/sdk_win_64/sdk_win_64/winavr/bin/../lib/gcc/avr/4.3.3/avr5\libgcc.a(_clear_bss.o)
 .text.libgcc   0x00005674       0x38 d:/eclipse/sdk_win_64/sdk_win_64/winavr/bin/../lib/gcc/avr/4.3.3/avr5\libgcc.a(_prologue.o)
                0x00005674                __prologue_saves__
 .text.libgcc   0x000056ac       0x36 d:/eclipse/sdk_win_64/sdk_win_64/winavr/bin/../lib/gcc/avr/4.3.3/avr5\libgcc.a(_epilogue.o)
                0x000056ac                __epilogue_restores__
                0x000056e2                . = ALIGN (0x2)
 *(.fini9)
 .fini9         0x000056e2        0x0 d:/eclipse/sdk_win_64/sdk_win_64/winavr/bin/../lib/gcc/avr/4.3.3/avr5\libgcc.a(_exit.o)
                0x000056e2                exit
                0x000056e2                _exit
 *(.fini9)
 *(.fini8)
 *(.fini8)
 *(.fini7)
 *(.fini7)
 *(.fini6)
 *(.fini6)
 *(.fini5)
 *(.fini5)
 *(.fini4)
 *(.fini4)
 *(.fini3)
 *(.fini3)
 *(.fini2)
 *(.fini2)
 *(.fini1)
 *(.fini1)
 *(.fini0)
 .fini0         0x000056e2        0x4 d:/eclipse/sdk_win_64/sdk_win_64/winavr/bin/../lib/gcc/avr/4.3.3/avr5\libgcc.a(_exit.o)
 *(.fini0)
                0x000056e6                _etext = .

.data           0x00800060      0x20e load address 0x000056e6
                0x00800060                PROVIDE (__data_start, .)
 *(.data)
 .data          0x00800060        0x0 d:/eclipse/sdk_win_64/sdk_win_64/winavr/bin/../lib/gcc/avr/4.3.3/../../../../avr/lib/avr5/crtm32.o
 .data          0x00800060        0x0 ./04-MCAL/03-ADC/ADC_Program.o
 .data          0x00800060        0x0 ./04-MCAL/02-EXTI/EXTI_Program.o
 .data          0x00800060        0x0 ./04-MCAL/01-DIO/DIO_Program.o
 .data          0x00800060        0x0 ./03-HAL/10-SERVO_MOTOR/SERVO.o
 .data          0x00800060        0x0 ./03-HAL/09-LDR/LDR_Program.o
 .data          0x00800060        0x0 ./03-HAL/08-POT/POT_Program.o
 .data          0x00800060        0x0 ./03-HAL/07-LM35/LM35_Program.o
 .data          0x00800060        0x0 ./03-HAL/06-DC_MOTOR/DC_Motor_Program.o
 .data          0x00800060        0x0 ./03-HAL/05-KPD/KPD_Program.o
 .data          0x00800060       0x13 ./03-HAL/04-CLCD/CLCD_Program.o
 .data          0x00800073        0x0 ./03-HAL/03-BUSH_BUTTON/BushButton_Program.o
 .data          0x00800073        0x0 ./03-HAL/02-SEVEN_SEGMENT/SEVEN_SEGMENT_Program.o
 .data          0x00800073        0x0 ./03-HAL/01-LED/LED_Progam.o
 .data          0x00800073       0x1f ./02-APP/app.o
 .data          0x00800092       0x93 ./02-APP/main.o
 .data          0x00800125        0x0 d:/eclipse/sdk_win_64/sdk_win_64/winavr/bin/../lib/gcc/avr/4.3.3/avr5\libgcc.a(_mulsi3.o)
 .data          0x00800125        0x0 d:/eclipse/sdk_win_64/sdk_win_64/winavr/bin/../lib/gcc/avr/4.3.3/avr5\libgcc.a(_udivmodqi4.o)
 .data          0x00800125        0x0 d:/eclipse/sdk_win_64/sdk_win_64/winavr/bin/../lib/gcc/avr/4.3.3/avr5\libgcc.a(_udivmodhi4.o)
 .data          0x00800125        0x0 d:/eclipse/sdk_win_64/sdk_win_64/winavr/bin/../lib/gcc/avr/4.3.3/avr5\libgcc.a(_divmodhi4.o)
 .data          0x00800125        0x0 d:/eclipse/sdk_win_64/sdk_win_64/winavr/bin/../lib/gcc/avr/4.3.3/avr5\libgcc.a(_udivmodsi4.o)
 .data          0x00800125        0x0 d:/eclipse/sdk_win_64/sdk_win_64/winavr/bin/../lib/gcc/avr/4.3.3/avr5\libgcc.a(_divmodsi4.o)
 .data          0x00800125        0x0 d:/eclipse/sdk_win_64/sdk_win_64/winavr/bin/../lib/gcc/avr/4.3.3/avr5\libgcc.a(_exit.o)
 .data          0x00800125        0x0 d:/eclipse/sdk_win_64/sdk_win_64/winavr/bin/../lib/gcc/avr/4.3.3/avr5\libgcc.a(_copy_data.o)
 .data          0x00800125        0x0 d:/eclipse/sdk_win_64/sdk_win_64/winavr/bin/../lib/gcc/avr/4.3.3/avr5\libgcc.a(_clear_bss.o)
 .data          0x00800125        0x0 d:/eclipse/sdk_win_64/sdk_win_64/winavr/bin/../lib/gcc/avr/4.3.3/avr5\libgcc.a(_fixunssfsi.o)
 .data          0x00800125        0x0 d:/eclipse/sdk_win_64/sdk_win_64/winavr/bin/../lib/gcc/avr/4.3.3/avr5\libgcc.a(_udivdi3.o)
 .data          0x00800125        0x0 d:/eclipse/sdk_win_64/sdk_win_64/winavr/bin/../lib/gcc/avr/4.3.3/avr5\libgcc.a(_umoddi3.o)
 .data          0x00800125        0x0 d:/eclipse/sdk_win_64/sdk_win_64/winavr/bin/../lib/gcc/avr/4.3.3/avr5\libgcc.a(_addsub_sf.o)
 .data          0x00800125        0x0 d:/eclipse/sdk_win_64/sdk_win_64/winavr/bin/../lib/gcc/avr/4.3.3/avr5\libgcc.a(_mul_sf.o)
 .data          0x00800125        0x0 d:/eclipse/sdk_win_64/sdk_win_64/winavr/bin/../lib/gcc/avr/4.3.3/avr5\libgcc.a(_gt_sf.o)
 .data          0x00800125        0x0 d:/eclipse/sdk_win_64/sdk_win_64/winavr/bin/../lib/gcc/avr/4.3.3/avr5\libgcc.a(_ge_sf.o)
 .data          0x00800125        0x0 d:/eclipse/sdk_win_64/sdk_win_64/winavr/bin/../lib/gcc/avr/4.3.3/avr5\libgcc.a(_lt_sf.o)
 .data          0x00800125        0x0 d:/eclipse/sdk_win_64/sdk_win_64/winavr/bin/../lib/gcc/avr/4.3.3/avr5\libgcc.a(_sf_to_si.o)
 .data          0x00800125        0x8 d:/eclipse/sdk_win_64/sdk_win_64/winavr/bin/../lib/gcc/avr/4.3.3/avr5\libgcc.a(_thenan_sf.o)
                0x00800125                __thenan_sf
 .data          0x0080012d        0x0 d:/eclipse/sdk_win_64/sdk_win_64/winavr/bin/../lib/gcc/avr/4.3.3/avr5\libgcc.a(_usi_to_sf.o)
 .data          0x0080012d        0x0 d:/eclipse/sdk_win_64/sdk_win_64/winavr/bin/../lib/gcc/avr/4.3.3/avr5\libgcc.a(_prologue.o)
 .data          0x0080012d        0x0 d:/eclipse/sdk_win_64/sdk_win_64/winavr/bin/../lib/gcc/avr/4.3.3/avr5\libgcc.a(_epilogue.o)
 .data          0x0080012d      0x100 d:/eclipse/sdk_win_64/sdk_win_64/winavr/bin/../lib/gcc/avr/4.3.3/avr5\libgcc.a(_clz.o)
                0x0080012d                __clz_tab
 .data          0x0080022d        0x0 d:/eclipse/sdk_win_64/sdk_win_64/winavr/bin/../lib/gcc/avr/4.3.3/avr5\libgcc.a(_clzsi2.o)
 .data          0x0080022d        0x0 d:/eclipse/sdk_win_64/sdk_win_64/winavr/bin/../lib/gcc/avr/4.3.3/avr5\libgcc.a(_pack_sf.o)
 .data          0x0080022d        0x0 d:/eclipse/sdk_win_64/sdk_win_64/winavr/bin/../lib/gcc/avr/4.3.3/avr5\libgcc.a(_unpack_sf.o)
 .data          0x0080022d        0x0 d:/eclipse/sdk_win_64/sdk_win_64/winavr/bin/../lib/gcc/avr/4.3.3/avr5\libgcc.a(_fpcmp_parts_sf.o)
 *(.data*)
 .data.KPD_Arr  0x0080022d       0x10 ./03-HAL/05-KPD/KPD_Program.o
 .data.arr_2    0x0080023d        0x8 ./03-HAL/04-CLCD/CLCD_Program.o
                0x0080023d                arr_2
 .data.SSD_Arr  0x00800245       0x28 ./03-HAL/02-SEVEN_SEGMENT/SEVEN_SEGMENT_Program.o
                0x00800245                SSD_Arr
 *(.rodata)
 *(.rodata*)
 *(.gnu.linkonce.d*)
                0x0080026e                . = ALIGN (0x2)
 *fill*         0x0080026d        0x1 00
                0x0080026e                _edata = .
                0x0080026e                PROVIDE (__data_end, .)

.bss            0x0080026e        0x6
                0x0080026e                PROVIDE (__bss_start, .)
 *(.bss)
 .bss           0x0080026e        0x0 d:/eclipse/sdk_win_64/sdk_win_64/winavr/bin/../lib/gcc/avr/4.3.3/../../../../avr/lib/avr5/crtm32.o
 .bss           0x0080026e        0x0 ./04-MCAL/03-ADC/ADC_Program.o
 .bss           0x0080026e        0x0 ./04-MCAL/02-EXTI/EXTI_Program.o
 .bss           0x0080026e        0x0 ./04-MCAL/01-DIO/DIO_Program.o
 .bss           0x0080026e        0x0 ./03-HAL/10-SERVO_MOTOR/SERVO.o
 .bss           0x0080026e        0x0 ./03-HAL/09-LDR/LDR_Program.o
 .bss           0x0080026e        0x0 ./03-HAL/08-POT/POT_Program.o
 .bss           0x0080026e        0x0 ./03-HAL/07-LM35/LM35_Program.o
 .bss           0x0080026e        0x0 ./03-HAL/06-DC_MOTOR/DC_Motor_Program.o
 .bss           0x0080026e        0x0 ./03-HAL/05-KPD/KPD_Program.o
 .bss           0x0080026e        0x0 ./03-HAL/04-CLCD/CLCD_Program.o
 .bss           0x0080026e        0x0 ./03-HAL/03-BUSH_BUTTON/BushButton_Program.o
 .bss           0x0080026e        0x0 ./03-HAL/02-SEVEN_SEGMENT/SEVEN_SEGMENT_Program.o
 .bss           0x0080026e        0x0 ./03-HAL/01-LED/LED_Progam.o
 .bss           0x0080026e        0x0 ./02-APP/app.o
 .bss           0x0080026e        0x0 ./02-APP/main.o
 .bss           0x0080026e        0x0 d:/eclipse/sdk_win_64/sdk_win_64/winavr/bin/../lib/gcc/avr/4.3.3/avr5\libgcc.a(_mulsi3.o)
 .bss           0x0080026e        0x0 d:/eclipse/sdk_win_64/sdk_win_64/winavr/bin/../lib/gcc/avr/4.3.3/avr5\libgcc.a(_udivmodqi4.o)
 .bss           0x0080026e        0x0 d:/eclipse/sdk_win_64/sdk_win_64/winavr/bin/../lib/gcc/avr/4.3.3/avr5\libgcc.a(_udivmodhi4.o)
 .bss           0x0080026e        0x0 d:/eclipse/sdk_win_64/sdk_win_64/winavr/bin/../lib/gcc/avr/4.3.3/avr5\libgcc.a(_divmodhi4.o)
 .bss           0x0080026e        0x0 d:/eclipse/sdk_win_64/sdk_win_64/winavr/bin/../lib/gcc/avr/4.3.3/avr5\libgcc.a(_udivmodsi4.o)
 .bss           0x0080026e        0x0 d:/eclipse/sdk_win_64/sdk_win_64/winavr/bin/../lib/gcc/avr/4.3.3/avr5\libgcc.a(_divmodsi4.o)
 .bss           0x0080026e        0x0 d:/eclipse/sdk_win_64/sdk_win_64/winavr/bin/../lib/gcc/avr/4.3.3/avr5\libgcc.a(_exit.o)
 .bss           0x0080026e        0x0 d:/eclipse/sdk_win_64/sdk_win_64/winavr/bin/../lib/gcc/avr/4.3.3/avr5\libgcc.a(_copy_data.o)
 .bss           0x0080026e        0x0 d:/eclipse/sdk_win_64/sdk_win_64/winavr/bin/../lib/gcc/avr/4.3.3/avr5\libgcc.a(_clear_bss.o)
 .bss           0x0080026e        0x0 d:/eclipse/sdk_win_64/sdk_win_64/winavr/bin/../lib/gcc/avr/4.3.3/avr5\libgcc.a(_fixunssfsi.o)
 .bss           0x0080026e        0x0 d:/eclipse/sdk_win_64/sdk_win_64/winavr/bin/../lib/gcc/avr/4.3.3/avr5\libgcc.a(_udivdi3.o)
 .bss           0x0080026e        0x0 d:/eclipse/sdk_win_64/sdk_win_64/winavr/bin/../lib/gcc/avr/4.3.3/avr5\libgcc.a(_umoddi3.o)
 .bss           0x0080026e        0x0 d:/eclipse/sdk_win_64/sdk_win_64/winavr/bin/../lib/gcc/avr/4.3.3/avr5\libgcc.a(_addsub_sf.o)
 .bss           0x0080026e        0x0 d:/eclipse/sdk_win_64/sdk_win_64/winavr/bin/../lib/gcc/avr/4.3.3/avr5\libgcc.a(_mul_sf.o)
 .bss           0x0080026e        0x0 d:/eclipse/sdk_win_64/sdk_win_64/winavr/bin/../lib/gcc/avr/4.3.3/avr5\libgcc.a(_gt_sf.o)
 .bss           0x0080026e        0x0 d:/eclipse/sdk_win_64/sdk_win_64/winavr/bin/../lib/gcc/avr/4.3.3/avr5\libgcc.a(_ge_sf.o)
 .bss           0x0080026e        0x0 d:/eclipse/sdk_win_64/sdk_win_64/winavr/bin/../lib/gcc/avr/4.3.3/avr5\libgcc.a(_lt_sf.o)
 .bss           0x0080026e        0x0 d:/eclipse/sdk_win_64/sdk_win_64/winavr/bin/../lib/gcc/avr/4.3.3/avr5\libgcc.a(_sf_to_si.o)
 .bss           0x0080026e        0x0 d:/eclipse/sdk_win_64/sdk_win_64/winavr/bin/../lib/gcc/avr/4.3.3/avr5\libgcc.a(_thenan_sf.o)
 .bss           0x0080026e        0x0 d:/eclipse/sdk_win_64/sdk_win_64/winavr/bin/../lib/gcc/avr/4.3.3/avr5\libgcc.a(_usi_to_sf.o)
 .bss           0x0080026e        0x0 d:/eclipse/sdk_win_64/sdk_win_64/winavr/bin/../lib/gcc/avr/4.3.3/avr5\libgcc.a(_prologue.o)
 .bss           0x0080026e        0x0 d:/eclipse/sdk_win_64/sdk_win_64/winavr/bin/../lib/gcc/avr/4.3.3/avr5\libgcc.a(_epilogue.o)
 .bss           0x0080026e        0x0 d:/eclipse/sdk_win_64/sdk_win_64/winavr/bin/../lib/gcc/avr/4.3.3/avr5\libgcc.a(_clz.o)
 .bss           0x0080026e        0x0 d:/eclipse/sdk_win_64/sdk_win_64/winavr/bin/../lib/gcc/avr/4.3.3/avr5\libgcc.a(_clzsi2.o)
 .bss           0x0080026e        0x0 d:/eclipse/sdk_win_64/sdk_win_64/winavr/bin/../lib/gcc/avr/4.3.3/avr5\libgcc.a(_pack_sf.o)
 .bss           0x0080026e        0x0 d:/eclipse/sdk_win_64/sdk_win_64/winavr/bin/../lib/gcc/avr/4.3.3/avr5\libgcc.a(_unpack_sf.o)
 .bss           0x0080026e        0x0 d:/eclipse/sdk_win_64/sdk_win_64/winavr/bin/../lib/gcc/avr/4.3.3/avr5\libgcc.a(_fpcmp_parts_sf.o)
 *(.bss*)
 .bss.Ptr_To_Int0
                0x0080026e        0x2 ./04-MCAL/02-EXTI/EXTI_Program.o
                0x0080026e                Ptr_To_Int0
 .bss.Ptr_To_Int1
                0x00800270        0x2 ./04-MCAL/02-EXTI/EXTI_Program.o
                0x00800270                Ptr_To_Int1
 .bss.Ptr_To_Int2
                0x00800272        0x2 ./04-MCAL/02-EXTI/EXTI_Program.o
                0x00800272                Ptr_To_Int2
 *(COMMON)
                0x00800274                PROVIDE (__bss_end, .)
                0x000056e6                __data_load_start = LOADADDR (.data)
                0x000058f4                __data_load_end = (__data_load_start + SIZEOF (.data))

.noinit         0x00800274        0x0
                0x00800274                PROVIDE (__noinit_start, .)
 *(.noinit*)
                0x00800274                PROVIDE (__noinit_end, .)
                0x00800274                _end = .
                0x00800274                PROVIDE (__heap_start, .)

.eeprom         0x00810000        0x0
 *(.eeprom*)
                0x00810000                __eeprom_end = .

.fuse
 *(.fuse)
 *(.lfuse)
 *(.hfuse)
 *(.efuse)

.lock
 *(.lock*)

.signature
 *(.signature*)

.stab           0x00000000     0x456c
 *(.stab)
 .stab          0x00000000      0x288 ./04-MCAL/03-ADC/ADC_Program.o
 .stab          0x00000288      0x33c ./04-MCAL/02-EXTI/EXTI_Program.o
                                0x348 (size before relaxing)
 .stab          0x000005c4      0x540 ./04-MCAL/01-DIO/DIO_Program.o
                                0x54c (size before relaxing)
 .stab          0x00000b04      0x24c ./03-HAL/10-SERVO_MOTOR/SERVO.o
                                0x258 (size before relaxing)
 .stab          0x00000d50      0x204 ./03-HAL/09-LDR/LDR_Program.o
                                0x210 (size before relaxing)
 .stab          0x00000f54      0x240 ./03-HAL/08-POT/POT_Program.o
                                0x24c (size before relaxing)
 .stab          0x00001194      0x234 ./03-HAL/07-LM35/LM35_Program.o
                                0x240 (size before relaxing)
 .stab          0x000013c8      0x2b8 ./03-HAL/06-DC_MOTOR/DC_Motor_Program.o
                                0x2c4 (size before relaxing)
 .stab          0x00001680      0x5b8 ./03-HAL/05-KPD/KPD_Program.o
                                0x5c4 (size before relaxing)
 .stab          0x00001c38      0xdc8 ./03-HAL/04-CLCD/CLCD_Program.o
                                0xf60 (size before relaxing)
 .stab          0x00002a00      0x378 ./03-HAL/03-BUSH_BUTTON/BushButton_Program.o
                                0x510 (size before relaxing)
 .stab          0x00002d78      0x6f0 ./03-HAL/02-SEVEN_SEGMENT/SEVEN_SEGMENT_Program.o
                                0x888 (size before relaxing)
 .stab          0x00003468      0x2dc ./03-HAL/01-LED/LED_Progam.o
                                0x2e8 (size before relaxing)
 .stab          0x00003744      0x7e0 ./02-APP/app.o
                                0x978 (size before relaxing)
 .stab          0x00003f24      0x648 ./02-APP/main.o
                                0x8c4 (size before relaxing)

.stabstr        0x00000000     0x1b9d
 *(.stabstr)
 .stabstr       0x00000000     0x1b9d ./04-MCAL/03-ADC/ADC_Program.o

.stab.excl
 *(.stab.excl)

.stab.exclstr
 *(.stab.exclstr)

.stab.index
 *(.stab.index)

.stab.indexstr
 *(.stab.indexstr)

.comment
 *(.comment)

.debug
 *(.debug)

.line
 *(.line)

.debug_srcinfo
 *(.debug_srcinfo)

.debug_sfnames
 *(.debug_sfnames)

.debug_aranges  0x00000000      0x1c0
 *(.debug_aranges)
 .debug_aranges
                0x00000000       0x20 d:/eclipse/sdk_win_64/sdk_win_64/winavr/bin/../lib/gcc/avr/4.3.3/avr5\libgcc.a(_fixunssfsi.o)
 .debug_aranges
                0x00000020       0x20 d:/eclipse/sdk_win_64/sdk_win_64/winavr/bin/../lib/gcc/avr/4.3.3/avr5\libgcc.a(_udivdi3.o)
 .debug_aranges
                0x00000040       0x20 d:/eclipse/sdk_win_64/sdk_win_64/winavr/bin/../lib/gcc/avr/4.3.3/avr5\libgcc.a(_umoddi3.o)
 .debug_aranges
                0x00000060       0x20 d:/eclipse/sdk_win_64/sdk_win_64/winavr/bin/../lib/gcc/avr/4.3.3/avr5\libgcc.a(_addsub_sf.o)
 .debug_aranges
                0x00000080       0x20 d:/eclipse/sdk_win_64/sdk_win_64/winavr/bin/../lib/gcc/avr/4.3.3/avr5\libgcc.a(_mul_sf.o)
 .debug_aranges
                0x000000a0       0x20 d:/eclipse/sdk_win_64/sdk_win_64/winavr/bin/../lib/gcc/avr/4.3.3/avr5\libgcc.a(_gt_sf.o)
 .debug_aranges
                0x000000c0       0x20 d:/eclipse/sdk_win_64/sdk_win_64/winavr/bin/../lib/gcc/avr/4.3.3/avr5\libgcc.a(_ge_sf.o)
 .debug_aranges
                0x000000e0       0x20 d:/eclipse/sdk_win_64/sdk_win_64/winavr/bin/../lib/gcc/avr/4.3.3/avr5\libgcc.a(_lt_sf.o)
 .debug_aranges
                0x00000100       0x20 d:/eclipse/sdk_win_64/sdk_win_64/winavr/bin/../lib/gcc/avr/4.3.3/avr5\libgcc.a(_sf_to_si.o)
 .debug_aranges
                0x00000120       0x20 d:/eclipse/sdk_win_64/sdk_win_64/winavr/bin/../lib/gcc/avr/4.3.3/avr5\libgcc.a(_usi_to_sf.o)
 .debug_aranges
                0x00000140       0x20 d:/eclipse/sdk_win_64/sdk_win_64/winavr/bin/../lib/gcc/avr/4.3.3/avr5\libgcc.a(_clzsi2.o)
 .debug_aranges
                0x00000160       0x20 d:/eclipse/sdk_win_64/sdk_win_64/winavr/bin/../lib/gcc/avr/4.3.3/avr5\libgcc.a(_pack_sf.o)
 .debug_aranges
                0x00000180       0x20 d:/eclipse/sdk_win_64/sdk_win_64/winavr/bin/../lib/gcc/avr/4.3.3/avr5\libgcc.a(_unpack_sf.o)
 .debug_aranges
                0x000001a0       0x20 d:/eclipse/sdk_win_64/sdk_win_64/winavr/bin/../lib/gcc/avr/4.3.3/avr5\libgcc.a(_fpcmp_parts_sf.o)

.debug_pubnames
                0x00000000      0x213
 *(.debug_pubnames)
 .debug_pubnames
                0x00000000       0x23 d:/eclipse/sdk_win_64/sdk_win_64/winavr/bin/../lib/gcc/avr/4.3.3/avr5\libgcc.a(_fixunssfsi.o)
 .debug_pubnames
                0x00000023       0x20 d:/eclipse/sdk_win_64/sdk_win_64/winavr/bin/../lib/gcc/avr/4.3.3/avr5\libgcc.a(_udivdi3.o)
 .debug_pubnames
                0x00000043       0x20 d:/eclipse/sdk_win_64/sdk_win_64/winavr/bin/../lib/gcc/avr/4.3.3/avr5\libgcc.a(_umoddi3.o)
 .debug_pubnames
                0x00000063       0x2c d:/eclipse/sdk_win_64/sdk_win_64/winavr/bin/../lib/gcc/avr/4.3.3/avr5\libgcc.a(_addsub_sf.o)
 .debug_pubnames
                0x0000008f       0x1f d:/eclipse/sdk_win_64/sdk_win_64/winavr/bin/../lib/gcc/avr/4.3.3/avr5\libgcc.a(_mul_sf.o)
 .debug_pubnames
                0x000000ae       0x1e d:/eclipse/sdk_win_64/sdk_win_64/winavr/bin/../lib/gcc/avr/4.3.3/avr5\libgcc.a(_gt_sf.o)
 .debug_pubnames
                0x000000cc       0x1e d:/eclipse/sdk_win_64/sdk_win_64/winavr/bin/../lib/gcc/avr/4.3.3/avr5\libgcc.a(_ge_sf.o)
 .debug_pubnames
                0x000000ea       0x1e d:/eclipse/sdk_win_64/sdk_win_64/winavr/bin/../lib/gcc/avr/4.3.3/avr5\libgcc.a(_lt_sf.o)
 .debug_pubnames
                0x00000108       0x20 d:/eclipse/sdk_win_64/sdk_win_64/winavr/bin/../lib/gcc/avr/4.3.3/avr5\libgcc.a(_sf_to_si.o)
 .debug_pubnames
                0x00000128       0x22 d:/eclipse/sdk_win_64/sdk_win_64/winavr/bin/../lib/gcc/avr/4.3.3/avr5\libgcc.a(_thenan_sf.o)
 .debug_pubnames
                0x0000014a       0x24 d:/eclipse/sdk_win_64/sdk_win_64/winavr/bin/../lib/gcc/avr/4.3.3/avr5\libgcc.a(_usi_to_sf.o)
 .debug_pubnames
                0x0000016e       0x20 d:/eclipse/sdk_win_64/sdk_win_64/winavr/bin/../lib/gcc/avr/4.3.3/avr5\libgcc.a(_clz.o)
 .debug_pubnames
                0x0000018e       0x1f d:/eclipse/sdk_win_64/sdk_win_64/winavr/bin/../lib/gcc/avr/4.3.3/avr5\libgcc.a(_clzsi2.o)
 .debug_pubnames
                0x000001ad       0x1f d:/eclipse/sdk_win_64/sdk_win_64/winavr/bin/../lib/gcc/avr/4.3.3/avr5\libgcc.a(_pack_sf.o)
 .debug_pubnames
                0x000001cc       0x21 d:/eclipse/sdk_win_64/sdk_win_64/winavr/bin/../lib/gcc/avr/4.3.3/avr5\libgcc.a(_unpack_sf.o)
 .debug_pubnames
                0x000001ed       0x26 d:/eclipse/sdk_win_64/sdk_win_64/winavr/bin/../lib/gcc/avr/4.3.3/avr5\libgcc.a(_fpcmp_parts_sf.o)

.debug_info     0x00000000     0x2e84
 *(.debug_info)
 .debug_info    0x00000000       0xb1 d:/eclipse/sdk_win_64/sdk_win_64/winavr/bin/../lib/gcc/avr/4.3.3/avr5\libgcc.a(_fixunssfsi.o)
 .debug_info    0x000000b1      0x71e d:/eclipse/sdk_win_64/sdk_win_64/winavr/bin/../lib/gcc/avr/4.3.3/avr5\libgcc.a(_udivdi3.o)
 .debug_info    0x000007cf      0x757 d:/eclipse/sdk_win_64/sdk_win_64/winavr/bin/../lib/gcc/avr/4.3.3/avr5\libgcc.a(_umoddi3.o)
 .debug_info    0x00000f26      0x47a d:/eclipse/sdk_win_64/sdk_win_64/winavr/bin/../lib/gcc/avr/4.3.3/avr5\libgcc.a(_addsub_sf.o)
 .debug_info    0x000013a0      0x485 d:/eclipse/sdk_win_64/sdk_win_64/winavr/bin/../lib/gcc/avr/4.3.3/avr5\libgcc.a(_mul_sf.o)
 .debug_info    0x00001825      0x27f d:/eclipse/sdk_win_64/sdk_win_64/winavr/bin/../lib/gcc/avr/4.3.3/avr5\libgcc.a(_gt_sf.o)
 .debug_info    0x00001aa4      0x27f d:/eclipse/sdk_win_64/sdk_win_64/winavr/bin/../lib/gcc/avr/4.3.3/avr5\libgcc.a(_ge_sf.o)
 .debug_info    0x00001d23      0x27f d:/eclipse/sdk_win_64/sdk_win_64/winavr/bin/../lib/gcc/avr/4.3.3/avr5\libgcc.a(_lt_sf.o)
 .debug_info    0x00001fa2      0x2b0 d:/eclipse/sdk_win_64/sdk_win_64/winavr/bin/../lib/gcc/avr/4.3.3/avr5\libgcc.a(_sf_to_si.o)
 .debug_info    0x00002252      0x12c d:/eclipse/sdk_win_64/sdk_win_64/winavr/bin/../lib/gcc/avr/4.3.3/avr5\libgcc.a(_thenan_sf.o)
 .debug_info    0x0000237e      0x206 d:/eclipse/sdk_win_64/sdk_win_64/winavr/bin/../lib/gcc/avr/4.3.3/avr5\libgcc.a(_usi_to_sf.o)
 .debug_info    0x00002584       0xa9 d:/eclipse/sdk_win_64/sdk_win_64/winavr/bin/../lib/gcc/avr/4.3.3/avr5\libgcc.a(_clz.o)
 .debug_info    0x0000262d      0x117 d:/eclipse/sdk_win_64/sdk_win_64/winavr/bin/../lib/gcc/avr/4.3.3/avr5\libgcc.a(_clzsi2.o)
 .debug_info    0x00002744      0x2df d:/eclipse/sdk_win_64/sdk_win_64/winavr/bin/../lib/gcc/avr/4.3.3/avr5\libgcc.a(_pack_sf.o)
 .debug_info    0x00002a23      0x251 d:/eclipse/sdk_win_64/sdk_win_64/winavr/bin/../lib/gcc/avr/4.3.3/avr5\libgcc.a(_unpack_sf.o)
 .debug_info    0x00002c74      0x210 d:/eclipse/sdk_win_64/sdk_win_64/winavr/bin/../lib/gcc/avr/4.3.3/avr5\libgcc.a(_fpcmp_parts_sf.o)
 *(.gnu.linkonce.wi.*)

.debug_abbrev   0x00000000     0x1481
 *(.debug_abbrev)
 .debug_abbrev  0x00000000       0x5d d:/eclipse/sdk_win_64/sdk_win_64/winavr/bin/../lib/gcc/avr/4.3.3/avr5\libgcc.a(_fixunssfsi.o)
 .debug_abbrev  0x0000005d      0x181 d:/eclipse/sdk_win_64/sdk_win_64/winavr/bin/../lib/gcc/avr/4.3.3/avr5\libgcc.a(_udivdi3.o)
 .debug_abbrev  0x000001de      0x190 d:/eclipse/sdk_win_64/sdk_win_64/winavr/bin/../lib/gcc/avr/4.3.3/avr5\libgcc.a(_umoddi3.o)
 .debug_abbrev  0x0000036e      0x1ea d:/eclipse/sdk_win_64/sdk_win_64/winavr/bin/../lib/gcc/avr/4.3.3/avr5\libgcc.a(_addsub_sf.o)
 .debug_abbrev  0x00000558      0x21b d:/eclipse/sdk_win_64/sdk_win_64/winavr/bin/../lib/gcc/avr/4.3.3/avr5\libgcc.a(_mul_sf.o)
 .debug_abbrev  0x00000773      0x15a d:/eclipse/sdk_win_64/sdk_win_64/winavr/bin/../lib/gcc/avr/4.3.3/avr5\libgcc.a(_gt_sf.o)
 .debug_abbrev  0x000008cd      0x15a d:/eclipse/sdk_win_64/sdk_win_64/winavr/bin/../lib/gcc/avr/4.3.3/avr5\libgcc.a(_ge_sf.o)
 .debug_abbrev  0x00000a27      0x15a d:/eclipse/sdk_win_64/sdk_win_64/winavr/bin/../lib/gcc/avr/4.3.3/avr5\libgcc.a(_lt_sf.o)
 .debug_abbrev  0x00000b81      0x17f d:/eclipse/sdk_win_64/sdk_win_64/winavr/bin/../lib/gcc/avr/4.3.3/avr5\libgcc.a(_sf_to_si.o)
 .debug_abbrev  0x00000d00       0xad d:/eclipse/sdk_win_64/sdk_win_64/winavr/bin/../lib/gcc/avr/4.3.3/avr5\libgcc.a(_thenan_sf.o)
 .debug_abbrev  0x00000dad      0x157 d:/eclipse/sdk_win_64/sdk_win_64/winavr/bin/../lib/gcc/avr/4.3.3/avr5\libgcc.a(_usi_to_sf.o)
 .debug_abbrev  0x00000f04       0x6a d:/eclipse/sdk_win_64/sdk_win_64/winavr/bin/../lib/gcc/avr/4.3.3/avr5\libgcc.a(_clz.o)
 .debug_abbrev  0x00000f6e       0xc4 d:/eclipse/sdk_win_64/sdk_win_64/winavr/bin/../lib/gcc/avr/4.3.3/avr5\libgcc.a(_clzsi2.o)
 .debug_abbrev  0x00001032      0x1c0 d:/eclipse/sdk_win_64/sdk_win_64/winavr/bin/../lib/gcc/avr/4.3.3/avr5\libgcc.a(_pack_sf.o)
 .debug_abbrev  0x000011f2      0x154 d:/eclipse/sdk_win_64/sdk_win_64/winavr/bin/../lib/gcc/avr/4.3.3/avr5\libgcc.a(_unpack_sf.o)
 .debug_abbrev  0x00001346      0x13b d:/eclipse/sdk_win_64/sdk_win_64/winavr/bin/../lib/gcc/avr/4.3.3/avr5\libgcc.a(_fpcmp_parts_sf.o)

.debug_line     0x00000000     0x1409
 *(.debug_line)
 .debug_line    0x00000000       0xa7 d:/eclipse/sdk_win_64/sdk_win_64/winavr/bin/../lib/gcc/avr/4.3.3/avr5\libgcc.a(_fixunssfsi.o)
 .debug_line    0x000000a7      0x1d8 d:/eclipse/sdk_win_64/sdk_win_64/winavr/bin/../lib/gcc/avr/4.3.3/avr5\libgcc.a(_udivdi3.o)
 .debug_line    0x0000027f      0x230 d:/eclipse/sdk_win_64/sdk_win_64/winavr/bin/../lib/gcc/avr/4.3.3/avr5\libgcc.a(_umoddi3.o)
 .debug_line    0x000004af      0x2af d:/eclipse/sdk_win_64/sdk_win_64/winavr/bin/../lib/gcc/avr/4.3.3/avr5\libgcc.a(_addsub_sf.o)
 .debug_line    0x0000075e      0x239 d:/eclipse/sdk_win_64/sdk_win_64/winavr/bin/../lib/gcc/avr/4.3.3/avr5\libgcc.a(_mul_sf.o)
 .debug_line    0x00000997       0xd3 d:/eclipse/sdk_win_64/sdk_win_64/winavr/bin/../lib/gcc/avr/4.3.3/avr5\libgcc.a(_gt_sf.o)
 .debug_line    0x00000a6a       0xd3 d:/eclipse/sdk_win_64/sdk_win_64/winavr/bin/../lib/gcc/avr/4.3.3/avr5\libgcc.a(_ge_sf.o)
 .debug_line    0x00000b3d       0xd3 d:/eclipse/sdk_win_64/sdk_win_64/winavr/bin/../lib/gcc/avr/4.3.3/avr5\libgcc.a(_lt_sf.o)
 .debug_line    0x00000c10      0x109 d:/eclipse/sdk_win_64/sdk_win_64/winavr/bin/../lib/gcc/avr/4.3.3/avr5\libgcc.a(_sf_to_si.o)
 .debug_line    0x00000d19       0x90 d:/eclipse/sdk_win_64/sdk_win_64/winavr/bin/../lib/gcc/avr/4.3.3/avr5\libgcc.a(_thenan_sf.o)
 .debug_line    0x00000da9      0x133 d:/eclipse/sdk_win_64/sdk_win_64/winavr/bin/../lib/gcc/avr/4.3.3/avr5\libgcc.a(_usi_to_sf.o)
 .debug_line    0x00000edc       0x7c d:/eclipse/sdk_win_64/sdk_win_64/winavr/bin/../lib/gcc/avr/4.3.3/avr5\libgcc.a(_clz.o)
 .debug_line    0x00000f58       0xa5 d:/eclipse/sdk_win_64/sdk_win_64/winavr/bin/../lib/gcc/avr/4.3.3/avr5\libgcc.a(_clzsi2.o)
 .debug_line    0x00000ffd      0x18a d:/eclipse/sdk_win_64/sdk_win_64/winavr/bin/../lib/gcc/avr/4.3.3/avr5\libgcc.a(_pack_sf.o)
 .debug_line    0x00001187      0x14b d:/eclipse/sdk_win_64/sdk_win_64/winavr/bin/../lib/gcc/avr/4.3.3/avr5\libgcc.a(_unpack_sf.o)
 .debug_line    0x000012d2      0x137 d:/eclipse/sdk_win_64/sdk_win_64/winavr/bin/../lib/gcc/avr/4.3.3/avr5\libgcc.a(_fpcmp_parts_sf.o)

.debug_frame    0x00000000      0x1e0
 *(.debug_frame)
 .debug_frame   0x00000000       0x20 d:/eclipse/sdk_win_64/sdk_win_64/winavr/bin/../lib/gcc/avr/4.3.3/avr5\libgcc.a(_fixunssfsi.o)
 .debug_frame   0x00000020       0x20 d:/eclipse/sdk_win_64/sdk_win_64/winavr/bin/../lib/gcc/avr/4.3.3/avr5\libgcc.a(_udivdi3.o)
 .debug_frame   0x00000040       0x20 d:/eclipse/sdk_win_64/sdk_win_64/winavr/bin/../lib/gcc/avr/4.3.3/avr5\libgcc.a(_umoddi3.o)
 .debug_frame   0x00000060       0x40 d:/eclipse/sdk_win_64/sdk_win_64/winavr/bin/../lib/gcc/avr/4.3.3/avr5\libgcc.a(_addsub_sf.o)
 .debug_frame   0x000000a0       0x20 d:/eclipse/sdk_win_64/sdk_win_64/winavr/bin/../lib/gcc/avr/4.3.3/avr5\libgcc.a(_mul_sf.o)
 .debug_frame   0x000000c0       0x20 d:/eclipse/sdk_win_64/sdk_win_64/winavr/bin/../lib/gcc/avr/4.3.3/avr5\libgcc.a(_gt_sf.o)
 .debug_frame   0x000000e0       0x20 d:/eclipse/sdk_win_64/sdk_win_64/winavr/bin/../lib/gcc/avr/4.3.3/avr5\libgcc.a(_ge_sf.o)
 .debug_frame   0x00000100       0x20 d:/eclipse/sdk_win_64/sdk_win_64/winavr/bin/../lib/gcc/avr/4.3.3/avr5\libgcc.a(_lt_sf.o)
 .debug_frame   0x00000120       0x20 d:/eclipse/sdk_win_64/sdk_win_64/winavr/bin/../lib/gcc/avr/4.3.3/avr5\libgcc.a(_sf_to_si.o)
 .debug_frame   0x00000140       0x20 d:/eclipse/sdk_win_64/sdk_win_64/winavr/bin/../lib/gcc/avr/4.3.3/avr5\libgcc.a(_usi_to_sf.o)
 .debug_frame   0x00000160       0x20 d:/eclipse/sdk_win_64/sdk_win_64/winavr/bin/../lib/gcc/avr/4.3.3/avr5\libgcc.a(_clzsi2.o)
 .debug_frame   0x00000180       0x20 d:/eclipse/sdk_win_64/sdk_win_64/winavr/bin/../lib/gcc/avr/4.3.3/avr5\libgcc.a(_pack_sf.o)
 .debug_frame   0x000001a0       0x20 d:/eclipse/sdk_win_64/sdk_win_64/winavr/bin/../lib/gcc/avr/4.3.3/avr5\libgcc.a(_unpack_sf.o)
 .debug_frame   0x000001c0       0x20 d:/eclipse/sdk_win_64/sdk_win_64/winavr/bin/../lib/gcc/avr/4.3.3/avr5\libgcc.a(_fpcmp_parts_sf.o)

.debug_str      0x00000000      0x341
 *(.debug_str)
 .debug_str     0x00000000       0xbf d:/eclipse/sdk_win_64/sdk_win_64/winavr/bin/../lib/gcc/avr/4.3.3/avr5\libgcc.a(_fixunssfsi.o)
                                 0xfe (size before relaxing)
 .debug_str     0x000000bf       0x8d d:/eclipse/sdk_win_64/sdk_win_64/winavr/bin/../lib/gcc/avr/4.3.3/avr5\libgcc.a(_udivdi3.o)
                                0x18a (size before relaxing)
 .debug_str     0x0000014c        0xa d:/eclipse/sdk_win_64/sdk_win_64/winavr/bin/../lib/gcc/avr/4.3.3/avr5\libgcc.a(_umoddi3.o)
                                0x18a (size before relaxing)
 .debug_str     0x00000156      0x14d d:/eclipse/sdk_win_64/sdk_win_64/winavr/bin/../lib/gcc/avr/4.3.3/avr5\libgcc.a(_addsub_sf.o)
                                0x206 (size before relaxing)
 .debug_str     0x000002a3       0x27 d:/eclipse/sdk_win_64/sdk_win_64/winavr/bin/../lib/gcc/avr/4.3.3/avr5\libgcc.a(_mul_sf.o)
                                0x1bf (size before relaxing)
 .debug_str     0x000002ca        0x8 d:/eclipse/sdk_win_64/sdk_win_64/winavr/bin/../lib/gcc/avr/4.3.3/avr5\libgcc.a(_gt_sf.o)
                                0x195 (size before relaxing)
 .debug_str     0x000002d2        0x8 d:/eclipse/sdk_win_64/sdk_win_64/winavr/bin/../lib/gcc/avr/4.3.3/avr5\libgcc.a(_ge_sf.o)
                                0x195 (size before relaxing)
 .debug_str     0x000002da        0x8 d:/eclipse/sdk_win_64/sdk_win_64/winavr/bin/../lib/gcc/avr/4.3.3/avr5\libgcc.a(_lt_sf.o)
                                0x195 (size before relaxing)
 .debug_str     0x000002e2        0xa d:/eclipse/sdk_win_64/sdk_win_64/winavr/bin/../lib/gcc/avr/4.3.3/avr5\libgcc.a(_sf_to_si.o)
                                0x19e (size before relaxing)
 .debug_str     0x00000000      0x103 d:/eclipse/sdk_win_64/sdk_win_64/winavr/bin/../lib/gcc/avr/4.3.3/avr5\libgcc.a(_thenan_sf.o)
 .debug_str     0x000002ec       0x21 d:/eclipse/sdk_win_64/sdk_win_64/winavr/bin/../lib/gcc/avr/4.3.3/avr5\libgcc.a(_usi_to_sf.o)
                                0x177 (size before relaxing)
 .debug_str     0x00000000       0xf4 d:/eclipse/sdk_win_64/sdk_win_64/winavr/bin/../lib/gcc/avr/4.3.3/avr5\libgcc.a(_clz.o)
 .debug_str     0x0000030d        0x9 d:/eclipse/sdk_win_64/sdk_win_64/winavr/bin/../lib/gcc/avr/4.3.3/avr5\libgcc.a(_clzsi2.o)
                                0x111 (size before relaxing)
 .debug_str     0x00000316       0x10 d:/eclipse/sdk_win_64/sdk_win_64/winavr/bin/../lib/gcc/avr/4.3.3/avr5\libgcc.a(_pack_sf.o)
                                0x19d (size before relaxing)
 .debug_str     0x00000326        0xb d:/eclipse/sdk_win_64/sdk_win_64/winavr/bin/../lib/gcc/avr/4.3.3/avr5\libgcc.a(_unpack_sf.o)
                                0x17f (size before relaxing)
 .debug_str     0x00000331       0x10 d:/eclipse/sdk_win_64/sdk_win_64/winavr/bin/../lib/gcc/avr/4.3.3/avr5\libgcc.a(_fpcmp_parts_sf.o)
                                0x163 (size before relaxing)

.debug_loc      0x00000000     0x21d4
 *(.debug_loc)
 .debug_loc     0x00000000       0x34 d:/eclipse/sdk_win_64/sdk_win_64/winavr/bin/../lib/gcc/avr/4.3.3/avr5\libgcc.a(_fixunssfsi.o)
 .debug_loc     0x00000034      0xe74 d:/eclipse/sdk_win_64/sdk_win_64/winavr/bin/../lib/gcc/avr/4.3.3/avr5\libgcc.a(_udivdi3.o)
 .debug_loc     0x00000ea8      0xab2 d:/eclipse/sdk_win_64/sdk_win_64/winavr/bin/../lib/gcc/avr/4.3.3/avr5\libgcc.a(_umoddi3.o)
 .debug_loc     0x0000195a      0x32a d:/eclipse/sdk_win_64/sdk_win_64/winavr/bin/../lib/gcc/avr/4.3.3/avr5\libgcc.a(_addsub_sf.o)
 .debug_loc     0x00001c84      0x104 d:/eclipse/sdk_win_64/sdk_win_64/winavr/bin/../lib/gcc/avr/4.3.3/avr5\libgcc.a(_mul_sf.o)
 .debug_loc     0x00001d88       0x3c d:/eclipse/sdk_win_64/sdk_win_64/winavr/bin/../lib/gcc/avr/4.3.3/avr5\libgcc.a(_gt_sf.o)
 .debug_loc     0x00001dc4       0x3c d:/eclipse/sdk_win_64/sdk_win_64/winavr/bin/../lib/gcc/avr/4.3.3/avr5\libgcc.a(_ge_sf.o)
 .debug_loc     0x00001e00       0x3c d:/eclipse/sdk_win_64/sdk_win_64/winavr/bin/../lib/gcc/avr/4.3.3/avr5\libgcc.a(_lt_sf.o)
 .debug_loc     0x00001e3c       0x7e d:/eclipse/sdk_win_64/sdk_win_64/winavr/bin/../lib/gcc/avr/4.3.3/avr5\libgcc.a(_sf_to_si.o)
 .debug_loc     0x00001eba       0x4c d:/eclipse/sdk_win_64/sdk_win_64/winavr/bin/../lib/gcc/avr/4.3.3/avr5\libgcc.a(_usi_to_sf.o)
 .debug_loc     0x00001f06       0x94 d:/eclipse/sdk_win_64/sdk_win_64/winavr/bin/../lib/gcc/avr/4.3.3/avr5\libgcc.a(_clzsi2.o)
 .debug_loc     0x00001f9a      0x13e d:/eclipse/sdk_win_64/sdk_win_64/winavr/bin/../lib/gcc/avr/4.3.3/avr5\libgcc.a(_pack_sf.o)
 .debug_loc     0x000020d8       0xac d:/eclipse/sdk_win_64/sdk_win_64/winavr/bin/../lib/gcc/avr/4.3.3/avr5\libgcc.a(_unpack_sf.o)
 .debug_loc     0x00002184       0x50 d:/eclipse/sdk_win_64/sdk_win_64/winavr/bin/../lib/gcc/avr/4.3.3/avr5\libgcc.a(_fpcmp_parts_sf.o)

.debug_macinfo
 *(.debug_macinfo)
OUTPUT(NTI_Final_Project_Smart_Home.elf elf32-avr)
LOAD linker stubs

.debug_ranges   0x00000000       0x80
 .debug_ranges  0x00000000       0x18 d:/eclipse/sdk_win_64/sdk_win_64/winavr/bin/../lib/gcc/avr/4.3.3/avr5\libgcc.a(_udivdi3.o)
 .debug_ranges  0x00000018       0x18 d:/eclipse/sdk_win_64/sdk_win_64/winavr/bin/../lib/gcc/avr/4.3.3/avr5\libgcc.a(_umoddi3.o)
 .debug_ranges  0x00000030       0x50 d:/eclipse/sdk_win_64/sdk_win_64/winavr/bin/../lib/gcc/avr/4.3.3/avr5\libgcc.a(_mul_sf.o)
